--------------------
./configure --prefix=./release
Tue Aug  4 12:59:44 AM EDT 2026
=== ztest47490.c ===
extern int getchar();
int hello() {return getchar();}
===
aarch64-linux-gnu-gcc -c ztest47490.c
... using gcc

Checking for compiler...
=== ztest47490.c ===
int foo() { return 0; }
===
aarch64-linux-gnu-gcc -c ztest47490.c
Checking for obsessive-compulsive compiler options...
=== ztest47490.c ===
int foo() { return 0; }
===
aarch64-linux-gnu-gcc -c -O3 -fPIC ztest47490.c

Checking for shared library support...
=== ztest47490.c ===
extern int getchar();
int hello() {return getchar();}
===
aarch64-linux-gnu-gcc -c -O3 -fPIC ztest47490.c
aarch64-linux-gnu-gcc -shared -Wl,-soname,libz.so.1,--version-script,zlib.map -O3 -fPIC -o ztest47490.so ztest47490.o
Building shared library libz.so.1.3.2 with aarch64-linux-gnu-gcc.

=== ztest47490.c ===
#include <stdio.h>
#include <stdlib.h>
size_t dummy = 0;
===
aarch64-linux-gnu-gcc -c -O3 -fPIC ztest47490.c
Checking for size_t... Yes.

=== ztest47490.c ===
#include <sys/types.h>
off64_t dummy = 0;
===
aarch64-linux-gnu-gcc -c -O3 -fPIC -D_LARGEFILE64_SOURCE=1 ztest47490.c
Checking for off64_t... Yes.
Checking for fseeko... Yes.

=== ztest47490.c ===
#include <string.h>
#include <errno.h>
int main() { return strlen(strerror(errno)); }
===
aarch64-linux-gnu-gcc -O3 -fPIC -D_LARGEFILE64_SOURCE=1 -o ztest47490 ztest47490.c
Checking for strerror... Yes.

=== ztest47490.c ===
#include <unistd.h>
int main() { return 0; }
===
aarch64-linux-gnu-gcc -c -O3 -fPIC -D_LARGEFILE64_SOURCE=1 ztest47490.c
Checking for unistd.h... Yes.

=== ztest47490.c ===
#include <stdarg.h>
int main() { return 0; }
===
aarch64-linux-gnu-gcc -c -O3 -fPIC -D_LARGEFILE64_SOURCE=1 ztest47490.c
Checking for stdarg.h... Yes.

=== ztest47490.c ===
#include <stdio.h>
#include <stdarg.h>
#include "zconf.h"
int main()
{
#ifndef STDC
  choke me
#endif
  return 0;
}
===
aarch64-linux-gnu-gcc -c -O3 -fPIC -D_LARGEFILE64_SOURCE=1 ztest47490.c
Checking whether to use vs[n]printf() or s[n]printf()... using vs[n]printf().

=== ztest47490.c ===
#include <stdio.h>
#include <stdarg.h>
int mytest(const char *fmt, ...)
{
  char buf[20];
  va_list ap;
  va_start(ap, fmt);
  vsnprintf(buf, sizeof(buf), fmt, ap);
  va_end(ap);
  return 0;
}
int main()
{
  return (mytest("Hello%d\n", 1));
}
===
aarch64-linux-gnu-gcc -O3 -fPIC -D_LARGEFILE64_SOURCE=1 -o ztest47490 ztest47490.c
Checking for vsnprintf() in stdio.h... Yes.

=== ztest47490.c ===
#include <stdio.h>
#include <stdarg.h>
int mytest(const char *fmt, ...)
{
  int n;
  char buf[20];
  va_list ap;
  va_start(ap, fmt);
  n = vsnprintf(buf, sizeof(buf), fmt, ap);
  va_end(ap);
  return n;
}
int main()
{
  return (mytest("Hello%d\n", 1));
}
===
aarch64-linux-gnu-gcc -c -O3 -fPIC -D_LARGEFILE64_SOURCE=1 ztest47490.c
Checking for return value of vsnprintf()... Yes.

=== ztest47490.c ===
#define ZLIB_INTERNAL __attribute__((visibility ("hidden")))
int ZLIB_INTERNAL foo;
int main()
{
  return 0;
}
===
aarch64-linux-gnu-gcc -c -O3 -fPIC -D_LARGEFILE64_SOURCE=1 ztest47490.c
Checking for attribute(visibility) support... Yes.
=== ztest47490.c ===
#ifndef __s390x__
    #error
#endif
===
aarch64-linux-gnu-gcc -c -O3 -fPIC -D_LARGEFILE64_SOURCE=1 -DHAVE_HIDDEN ztest47490.c
ztest47490.c:2:6: error: #error 
    2 |     #error
      |      ^~~~~
(exit code 1)
Checking for s390x build ... No.

ALL = static shared all64
AR = ar
ARFLAGS = rc
CC = aarch64-linux-gnu-gcc
CFLAGS = -O3 -fPIC -D_LARGEFILE64_SOURCE=1 -DHAVE_HIDDEN
CPP =
EXE =
LDCONFIG = ldconfig
LDFLAGS =
LDSHARED = aarch64-linux-gnu-gcc -shared -Wl,-soname,libz.so.1,--version-script,zlib.map
LDSHAREDLIBC = -lc
OBJC = $(OBJZ) $(OBJG)
PIC_OBJC = $(PIC_OBJZ) $(PIC_OBJG)
RANLIB = ranlib
SFLAGS = -O3 -fPIC -D_LARGEFILE64_SOURCE=1 -DHAVE_HIDDEN
SHAREDLIB = libz.so
SHAREDLIBM = libz.so.1
SHAREDLIBV = libz.so.1.3.2
STATICLIB = libz.a
TEST = all teststatic testshared test64
VER = 1.3.2
SRCDIR =
exec_prefix = ${prefix}
includedir = ${prefix}/include
libdir = ${exec_prefix}/lib
mandir = ${prefix}/share/man
prefix = ./release
sharedlibdir = ${libdir}
uname = Linux
HAVE_S390X = 0
HAVE_S390X_VX = 0
VGFMAFLAG =
--------------------


--------------------
./configure -host=arm64 --prefix=./release
Fri Aug  7 11:33:11 PM EDT 2026
usage:
  configure [--const] [--zprefix] [--prefix=PREFIX]  [--eprefix=EXPREFIX]
    [--insecure] [--static] [--64] [--libdir=LIBDIR] [--sharedlibdir=LIBDIR]
    [--includedir=INCLUDEDIR] [--mandir=MANDIR]
    [--archs="-arch i386 -arch x86_64"] [--disable-crcvx]
--------------------
./configure --arch=arm64 --prefix=./release
Fri Aug  7 11:33:37 PM EDT 2026
unknown option ignored: --arch=arm64
./configure --help for help
Checking for gcc...
=== ztest60175.c ===
extern int getchar();
int hello() {return getchar();}
===
gcc -c ztest60175.c
... using gcc

Checking for compiler...
=== ztest60175.c ===
int foo() { return 0; }
===
gcc -c ztest60175.c
Checking for obsessive-compulsive compiler options...
=== ztest60175.c ===
int foo() { return 0; }
===
gcc -c -O3 -fPIC ztest60175.c

Checking for shared library support...
=== ztest60175.c ===
extern int getchar();
int hello() {return getchar();}
===
gcc -c -O3 -fPIC ztest60175.c
gcc -shared -Wl,-soname,libz.so.1,--version-script,zlib.map -O3 -fPIC -o ztest60175.so ztest60175.o
Building shared library libz.so.1.3.2 with gcc.

=== ztest60175.c ===
#include <stdio.h>
#include <stdlib.h>
size_t dummy = 0;
===
gcc -c -O3 -fPIC ztest60175.c
Checking for size_t... Yes.

=== ztest60175.c ===
#include <sys/types.h>
off64_t dummy = 0;
===
gcc -c -O3 -fPIC -D_LARGEFILE64_SOURCE=1 ztest60175.c
Checking for off64_t... Yes.
Checking for fseeko... Yes.

=== ztest60175.c ===
#include <string.h>
#include <errno.h>
int main() { return strlen(strerror(errno)); }
===
gcc -O3 -fPIC -D_LARGEFILE64_SOURCE=1 -o ztest60175 ztest60175.c
Checking for strerror... Yes.

=== ztest60175.c ===
#include <unistd.h>
int main() { return 0; }
===
gcc -c -O3 -fPIC -D_LARGEFILE64_SOURCE=1 ztest60175.c
Checking for unistd.h... Yes.

=== ztest60175.c ===
#include <stdarg.h>
int main() { return 0; }
===
gcc -c -O3 -fPIC -D_LARGEFILE64_SOURCE=1 ztest60175.c
Checking for stdarg.h... Yes.

=== ztest60175.c ===
#include <stdio.h>
#include <stdarg.h>
#include "zconf.h"
int main()
{
#ifndef STDC
  choke me
#endif
  return 0;
}
===
gcc -c -O3 -fPIC -D_LARGEFILE64_SOURCE=1 ztest60175.c
Checking whether to use vs[n]printf() or s[n]printf()... using vs[n]printf().

=== ztest60175.c ===
#include <stdio.h>
#include <stdarg.h>
int mytest(const char *fmt, ...)
{
  char buf[20];
  va_list ap;
  va_start(ap, fmt);
  vsnprintf(buf, sizeof(buf), fmt, ap);
  va_end(ap);
  return 0;
}
int main()
{
  return (mytest("Hello%d\n", 1));
}
===
gcc -O3 -fPIC -D_LARGEFILE64_SOURCE=1 -o ztest60175 ztest60175.c
Checking for vsnprintf() in stdio.h... Yes.

=== ztest60175.c ===
#include <stdio.h>
#include <stdarg.h>
int mytest(const char *fmt, ...)
{
  int n;
  char buf[20];
  va_list ap;
  va_start(ap, fmt);
  n = vsnprintf(buf, sizeof(buf), fmt, ap);
  va_end(ap);
  return n;
}
int main()
{
  return (mytest("Hello%d\n", 1));
}
===
gcc -c -O3 -fPIC -D_LARGEFILE64_SOURCE=1 ztest60175.c
Checking for return value of vsnprintf()... Yes.

=== ztest60175.c ===
#define ZLIB_INTERNAL __attribute__((visibility ("hidden")))
int ZLIB_INTERNAL foo;
int main()
{
  return 0;
}
===
gcc -c -O3 -fPIC -D_LARGEFILE64_SOURCE=1 ztest60175.c
Checking for attribute(visibility) support... Yes.
=== ztest60175.c ===
#ifndef __s390x__
    #error
#endif
===
gcc -c -O3 -fPIC -D_LARGEFILE64_SOURCE=1 -DHAVE_HIDDEN ztest60175.c
ztest60175.c:2:6: error: #error 
    2 |     #error
      |      ^~~~~
(exit code 1)
Checking for s390x build ... No.

ALL = static shared all64
AR = ar
ARFLAGS = rc
CC = gcc
CFLAGS = -O3 -fPIC -D_LARGEFILE64_SOURCE=1 -DHAVE_HIDDEN
CPP =
EXE =
LDCONFIG = ldconfig
LDFLAGS =
LDSHARED = gcc -shared -Wl,-soname,libz.so.1,--version-script,zlib.map
LDSHAREDLIBC = -lc
OBJC = $(OBJZ) $(OBJG)
PIC_OBJC = $(PIC_OBJZ) $(PIC_OBJG)
RANLIB = ranlib
SFLAGS = -O3 -fPIC -D_LARGEFILE64_SOURCE=1 -DHAVE_HIDDEN
SHAREDLIB = libz.so
SHAREDLIBM = libz.so.1
SHAREDLIBV = libz.so.1.3.2
STATICLIB = libz.a
TEST = all teststatic testshared test64
VER = 1.3.2
SRCDIR =
exec_prefix = ${prefix}
includedir = ${prefix}/include
libdir = ${exec_prefix}/lib
mandir = ${prefix}/share/man
prefix = ./release
sharedlibdir = ${libdir}
uname = Linux
HAVE_S390X = 0
HAVE_S390X_VX = 0
VGFMAFLAG =
--------------------


--------------------
./configure -h
Fri Aug  7 11:35:26 PM EDT 2026
usage:
  configure [--const] [--zprefix] [--prefix=PREFIX]  [--eprefix=EXPREFIX]
    [--insecure] [--static] [--64] [--libdir=LIBDIR] [--sharedlibdir=LIBDIR]
    [--includedir=INCLUDEDIR] [--mandir=MANDIR]
    [--archs="-arch i386 -arch x86_64"] [--disable-crcvx]
--------------------
./configure --prefix=/home/jin/arm64_lib/zlib-1.3.2/release
Fri Aug  7 11:37:25 PM EDT 2026
=== ztest60890.c ===
extern int getchar();
int hello() {return getchar();}
===
aarch64-linux-gnu-gcc -c ztest60890.c
... using gcc

Checking for compiler...
=== ztest60890.c ===
int foo() { return 0; }
===
aarch64-linux-gnu-gcc -c ztest60890.c
Checking for obsessive-compulsive compiler options...
=== ztest60890.c ===
int foo() { return 0; }
===
aarch64-linux-gnu-gcc -c -O3 -fPIC ztest60890.c

Checking for shared library support...
=== ztest60890.c ===
extern int getchar();
int hello() {return getchar();}
===
aarch64-linux-gnu-gcc -c -O3 -fPIC ztest60890.c
aarch64-linux-gnu-gcc -shared -Wl,-soname,libz.so.1,--version-script,zlib.map -O3 -fPIC -o ztest60890.so ztest60890.o
Building shared library libz.so.1.3.2 with aarch64-linux-gnu-gcc.

=== ztest60890.c ===
#include <stdio.h>
#include <stdlib.h>
size_t dummy = 0;
===
aarch64-linux-gnu-gcc -c -O3 -fPIC ztest60890.c
Checking for size_t... Yes.

=== ztest60890.c ===
#include <sys/types.h>
off64_t dummy = 0;
===
aarch64-linux-gnu-gcc -c -O3 -fPIC -D_LARGEFILE64_SOURCE=1 ztest60890.c
Checking for off64_t... Yes.
Checking for fseeko... Yes.

=== ztest60890.c ===
#include <string.h>
#include <errno.h>
int main() { return strlen(strerror(errno)); }
===
aarch64-linux-gnu-gcc -O3 -fPIC -D_LARGEFILE64_SOURCE=1 -o ztest60890 ztest60890.c
Checking for strerror... Yes.

=== ztest60890.c ===
#include <unistd.h>
int main() { return 0; }
===
aarch64-linux-gnu-gcc -c -O3 -fPIC -D_LARGEFILE64_SOURCE=1 ztest60890.c
Checking for unistd.h... Yes.

=== ztest60890.c ===
#include <stdarg.h>
int main() { return 0; }
===
aarch64-linux-gnu-gcc -c -O3 -fPIC -D_LARGEFILE64_SOURCE=1 ztest60890.c
Checking for stdarg.h... Yes.

=== ztest60890.c ===
#include <stdio.h>
#include <stdarg.h>
#include "zconf.h"
int main()
{
#ifndef STDC
  choke me
#endif
  return 0;
}
===
aarch64-linux-gnu-gcc -c -O3 -fPIC -D_LARGEFILE64_SOURCE=1 ztest60890.c
Checking whether to use vs[n]printf() or s[n]printf()... using vs[n]printf().

=== ztest60890.c ===
#include <stdio.h>
#include <stdarg.h>
int mytest(const char *fmt, ...)
{
  char buf[20];
  va_list ap;
  va_start(ap, fmt);
  vsnprintf(buf, sizeof(buf), fmt, ap);
  va_end(ap);
  return 0;
}
int main()
{
  return (mytest("Hello%d\n", 1));
}
===
aarch64-linux-gnu-gcc -O3 -fPIC -D_LARGEFILE64_SOURCE=1 -o ztest60890 ztest60890.c
Checking for vsnprintf() in stdio.h... Yes.

=== ztest60890.c ===
#include <stdio.h>
#include <stdarg.h>
int mytest(const char *fmt, ...)
{
  int n;
  char buf[20];
  va_list ap;
  va_start(ap, fmt);
  n = vsnprintf(buf, sizeof(buf), fmt, ap);
  va_end(ap);
  return n;
}
int main()
{
  return (mytest("Hello%d\n", 1));
}
===
aarch64-linux-gnu-gcc -c -O3 -fPIC -D_LARGEFILE64_SOURCE=1 ztest60890.c
Checking for return value of vsnprintf()... Yes.

=== ztest60890.c ===
#define ZLIB_INTERNAL __attribute__((visibility ("hidden")))
int ZLIB_INTERNAL foo;
int main()
{
  return 0;
}
===
aarch64-linux-gnu-gcc -c -O3 -fPIC -D_LARGEFILE64_SOURCE=1 ztest60890.c
Checking for attribute(visibility) support... Yes.
=== ztest60890.c ===
#ifndef __s390x__
    #error
#endif
===
aarch64-linux-gnu-gcc -c -O3 -fPIC -D_LARGEFILE64_SOURCE=1 -DHAVE_HIDDEN ztest60890.c
ztest60890.c:2:6: error: #error 
    2 |     #error
      |      ^~~~~
(exit code 1)
Checking for s390x build ... No.

ALL = static shared all64
AR = aarch64-linux-gnu-ar
ARFLAGS = rc
CC = aarch64-linux-gnu-gcc
CFLAGS = -O3 -fPIC -D_LARGEFILE64_SOURCE=1 -DHAVE_HIDDEN
CPP =
EXE =
LDCONFIG = ldconfig
LDFLAGS =
LDSHARED = aarch64-linux-gnu-gcc -shared -Wl,-soname,libz.so.1,--version-script,zlib.map
LDSHAREDLIBC = -lc
OBJC = $(OBJZ) $(OBJG)
PIC_OBJC = $(PIC_OBJZ) $(PIC_OBJG)
RANLIB = aarch64-linux-gnu-ranlib
SFLAGS = -O3 -fPIC -D_LARGEFILE64_SOURCE=1 -DHAVE_HIDDEN
SHAREDLIB = libz.so
SHAREDLIBM = libz.so.1
SHAREDLIBV = libz.so.1.3.2
STATICLIB = libz.a
TEST = all teststatic testshared test64
VER = 1.3.2
SRCDIR =
exec_prefix = ${prefix}
includedir = ${prefix}/include
libdir = ${exec_prefix}/lib
mandir = ${prefix}/share/man
prefix = /home/jin/arm64_lib/zlib-1.3.2/release
sharedlibdir = ${libdir}
uname = Linux
HAVE_S390X = 0
HAVE_S390X_VX = 0
VGFMAFLAG =
--------------------


